// Jest Snapshot v1, https://goo.gl/fbAQLP

exports[`AlbumList should render 1`] = `
Array [
  <ul />,
]
`;
