// Jest Snapshot v1, https://goo.gl/fbAQLP

exports[`App should render 1`] = `
Array [
  <div
    className="App"
  >
    <AlbumList />
  </div>,
]
`;
